Archive member included to satisfy reference by file (symbol)

/usr/local/Cellar/arm-none-eabi-gcc/9-2019-q4-major/gcc/bin/../lib/gcc/arm-none-eabi/9.2.1/thumb/v6-m/nofp/libgcc.a(_dvmd_tls.o)
                              CMakeFiles/PirSensorRPiPico.dir/Users/mchn2800/Documents/pico/pico-sdk/src/rp2_common/pico_divider/divider.S.obj (__aeabi_idiv0)
/usr/local/Cellar/arm-none-eabi-gcc/9-2019-q4-major/gcc/bin/../lib/gcc/arm-none-eabi/9.2.1/../../../../arm-none-eabi/lib/thumb/v6-m/nofp/libc.a(lib_a-calloc.o)
                              CMakeFiles/PirSensorRPiPico.dir/Users/mchn2800/Documents/pico/pico-sdk/src/rp2_common/pico_malloc/pico_malloc.c.obj (calloc)
/usr/local/Cellar/arm-none-eabi-gcc/9-2019-q4-major/gcc/bin/../lib/gcc/arm-none-eabi/9.2.1/../../../../arm-none-eabi/lib/thumb/v6-m/nofp/libc.a(lib_a-callocr.o)
                              /usr/local/Cellar/arm-none-eabi-gcc/9-2019-q4-major/gcc/bin/../lib/gcc/arm-none-eabi/9.2.1/../../../../arm-none-eabi/lib/thumb/v6-m/nofp/libc.a(lib_a-calloc.o) (_calloc_r)
/usr/local/Cellar/arm-none-eabi-gcc/9-2019-q4-major/gcc/bin/../lib/gcc/arm-none-eabi/9.2.1/../../../../arm-none-eabi/lib/thumb/v6-m/nofp/libc.a(lib_a-impure.o)
                              /usr/local/Cellar/arm-none-eabi-gcc/9-2019-q4-major/gcc/bin/../lib/gcc/arm-none-eabi/9.2.1/../../../../arm-none-eabi/lib/thumb/v6-m/nofp/libc.a(lib_a-calloc.o) (_impure_ptr)
/usr/local/Cellar/arm-none-eabi-gcc/9-2019-q4-major/gcc/bin/../lib/gcc/arm-none-eabi/9.2.1/../../../../arm-none-eabi/lib/thumb/v6-m/nofp/libc.a(lib_a-init.o)
                              /usr/local/Cellar/arm-none-eabi-gcc/9-2019-q4-major/gcc/bin/../lib/gcc/arm-none-eabi/9.2.1/../../../../arm-none-eabi/lib/thumb/v6-m/nofp/crt0.o (__libc_init_array)
/usr/local/Cellar/arm-none-eabi-gcc/9-2019-q4-major/gcc/bin/../lib/gcc/arm-none-eabi/9.2.1/../../../../arm-none-eabi/lib/thumb/v6-m/nofp/libc.a(lib_a-malloc.o)
                              CMakeFiles/PirSensorRPiPico.dir/Users/mchn2800/Documents/pico/pico-sdk/src/rp2_common/pico_malloc/pico_malloc.c.obj (malloc)
/usr/local/Cellar/arm-none-eabi-gcc/9-2019-q4-major/gcc/bin/../lib/gcc/arm-none-eabi/9.2.1/../../../../arm-none-eabi/lib/thumb/v6-m/nofp/libc.a(lib_a-mallocr.o)
                              /usr/local/Cellar/arm-none-eabi-gcc/9-2019-q4-major/gcc/bin/../lib/gcc/arm-none-eabi/9.2.1/../../../../arm-none-eabi/lib/thumb/v6-m/nofp/libc.a(lib_a-callocr.o) (_malloc_r)
/usr/local/Cellar/arm-none-eabi-gcc/9-2019-q4-major/gcc/bin/../lib/gcc/arm-none-eabi/9.2.1/../../../../arm-none-eabi/lib/thumb/v6-m/nofp/libc.a(lib_a-mlock.o)
                              /usr/local/Cellar/arm-none-eabi-gcc/9-2019-q4-major/gcc/bin/../lib/gcc/arm-none-eabi/9.2.1/../../../../arm-none-eabi/lib/thumb/v6-m/nofp/libc.a(lib_a-mallocr.o) (__malloc_lock)
/usr/local/Cellar/arm-none-eabi-gcc/9-2019-q4-major/gcc/bin/../lib/gcc/arm-none-eabi/9.2.1/../../../../arm-none-eabi/lib/thumb/v6-m/nofp/libc.a(lib_a-sbrkr.o)
                              /usr/local/Cellar/arm-none-eabi-gcc/9-2019-q4-major/gcc/bin/../lib/gcc/arm-none-eabi/9.2.1/../../../../arm-none-eabi/lib/thumb/v6-m/nofp/libc.a(lib_a-mallocr.o) (_sbrk_r)
/usr/local/Cellar/arm-none-eabi-gcc/9-2019-q4-major/gcc/bin/../lib/gcc/arm-none-eabi/9.2.1/../../../../arm-none-eabi/lib/thumb/v6-m/nofp/libc.a(lib_a-strlen-stub.o)
                              CMakeFiles/PirSensorRPiPico.dir/Users/mchn2800/Documents/pico/pico-sdk/src/rp2_common/pico_stdio/stdio.c.obj (strlen)
/usr/local/Cellar/arm-none-eabi-gcc/9-2019-q4-major/gcc/bin/../lib/gcc/arm-none-eabi/9.2.1/../../../../arm-none-eabi/lib/thumb/v6-m/nofp/libc.a(lib_a-freer.o)
                              /usr/local/Cellar/arm-none-eabi-gcc/9-2019-q4-major/gcc/bin/../lib/gcc/arm-none-eabi/9.2.1/../../../../arm-none-eabi/lib/thumb/v6-m/nofp/libc.a(lib_a-malloc.o) (_free_r)
/usr/local/Cellar/arm-none-eabi-gcc/9-2019-q4-major/gcc/bin/../lib/gcc/arm-none-eabi/9.2.1/../../../../arm-none-eabi/lib/thumb/v6-m/nofp/libc.a(lib_a-lock.o)
                              /usr/local/Cellar/arm-none-eabi-gcc/9-2019-q4-major/gcc/bin/../lib/gcc/arm-none-eabi/9.2.1/../../../../arm-none-eabi/lib/thumb/v6-m/nofp/libc.a(lib_a-mlock.o) (__retarget_lock_acquire_recursive)
/usr/local/Cellar/arm-none-eabi-gcc/9-2019-q4-major/gcc/bin/../lib/gcc/arm-none-eabi/9.2.1/../../../../arm-none-eabi/lib/thumb/v6-m/nofp/libc.a(lib_a-reent.o)
                              /usr/local/Cellar/arm-none-eabi-gcc/9-2019-q4-major/gcc/bin/../lib/gcc/arm-none-eabi/9.2.1/../../../../arm-none-eabi/lib/thumb/v6-m/nofp/libc.a(lib_a-sbrkr.o) (errno)

Allocating common symbols
Common symbol       size              file

__lock___atexit_recursive_mutex
                    0x1               /usr/local/Cellar/arm-none-eabi-gcc/9-2019-q4-major/gcc/bin/../lib/gcc/arm-none-eabi/9.2.1/../../../../arm-none-eabi/lib/thumb/v6-m/nofp/libc.a(lib_a-lock.o)
[...]
Memory Configuration

Name             Origin             Length             Attributes
FLASH            0x0000000010000000 0x0000000000200000 xr
RAM              0x0000000020000000 0x0000000000040000 xrw
SCRATCH_X        0x0000000020040000 0x0000000000001000 xrw
SCRATCH_Y        0x0000000020041000 0x0000000000001000 xrw
*default*        0x0000000000000000 0xffffffffffffffff

Linker script and memory map

LOAD /usr/local/Cellar/arm-none-eabi-gcc/9-2019-q4-major/gcc/bin/../lib/gcc/arm-none-eabi/9.2.1/thumb/v6-m/nofp/crti.o
LOAD /usr/local/Cellar/arm-none-eabi-gcc/9-2019-q4-major/gcc/bin/../lib/gcc/arm-none-eabi/9.2.1/thumb/v6-m/nofp/crtbegin.o
LOAD /usr/local/Cellar/arm-none-eabi-gcc/9-2019-q4-major/gcc/bin/../lib/gcc/arm-none-eabi/9.2.1/../../../../arm-none-eabi/lib/thumb/v6-m/nofp/crt0.o

.flash_begin    0x0000000010000000        0x0
                0x0000000010000000                __flash_binary_start = .

.boot2          0x0000000010000000      0x100
                0x0000000010000000                __boot2_start__ = .
 *(.boot2)
 .boot2         0x0000000010000000      0x100 /var/folders/h_/2yf7wy_d4xl1lh2z3dyycjtc0000gn/T//ccHWafhe.o
                0x0000000010000100                __boot2_end__ = .
                0x0000000000000001                ASSERT (((__boot2_end__ - __boot2_start__) == 0x100), ERROR: Pico second stage bootloader must be 256 bytes in size)

.text           0x0000000010000100     0x1f70
                0x0000000010000100                __logical_binary_start = .
 *(.vectors)
 .vectors       0x0000000010000100       0xd4 CMakeFiles/PirSensorRPiPico.dir/Users/mchn2800/Documents/pico/pico-sdk/src/rp2_common/pico_standard_link/crt0.S.obj
                0x0000000010000100                __vectors
                0x00000000100001c0                isr_invalid
                0x00000000100001c2                isr_nmi
                0x00000000100001c4                isr_hardfault
                0x00000000100001c6                isr_svcall
                0x00000000100001c8                isr_pendsv
                0x00000000100001ca                isr_systick
                0x00000000100001cc                isr_irq23
                0x00000000100001cc                isr_irq18
                0x00000000100001cc                isr_irq28
                0x00000000100001cc                isr_irq19
                0x00000000100001cc                isr_irq0
                0x00000000100001cc                isr_irq6
                0x00000000100001cc                isr_irq22
                0x00000000100001cc                isr_irq17
                0x00000000100001cc                isr_irq14
                0x00000000100001cc                isr_irq2
                0x00000000100001cc                isr_irq10
                0x00000000100001cc                isr_irq8
                0x00000000100001cc                isr_irq24
                0x00000000100001cc                isr_irq1
                0x00000000100001cc                isr_irq7
                0x00000000100001cc                isr_irq21
                0x00000000100001cc                isr_irq20
                0x00000000100001cc                isr_irq15
                0x00000000100001cc                isr_irq25
                0x00000000100001cc                isr_irq4
                0x00000000100001cc                isr_irq16
                0x00000000100001cc                isr_irq29
                0x00000000100001cc                isr_irq26
                0x00000000100001cc                isr_irq3
                0x00000000100001cc                isr_irq9
                0x00000000100001cc                __unhandled_user_irq
                0x00000000100001cc                isr_irq13
                0x00000000100001cc                isr_irq27
                0x00000000100001cc                isr_irq31
                0x00000000100001cc                isr_irq5
                0x00000000100001cc                isr_irq11
                0x00000000100001cc                isr_irq30
                0x00000000100001cc                isr_irq12
                0x00000000100001d2                unhandled_user_irq_num_in_r0
 *(.binary_info_header)
 .binary_info_header
                0x00000000100001d4       0x14 CMakeFiles/PirSensorRPiPico.dir/Users/mchn2800/Documents/pico/pico-sdk/src/rp2_common/pico_standard_link/crt0.S.obj
                0x00000000100001e8                __binary_info_header_end = .
 *(.reset)
 .reset         0x00000000100001e8       0xa8 CMakeFiles/PirSensorRPiPico.dir/Users/mchn2800/Documents/pico/pico-sdk/src/rp2_common/pico_standard_link/crt0.S.obj
                0x00000000100001e8                _entry_point
                0x0000000010000266                __get_current_exception
 .reset         0x0000000010000290       0x30 CMakeFiles/PirSensorRPiPico.dir/Users/mchn2800/Documents/pico/pico-sdk/src/rp2_common/pico_standard_link/binary_info.c.obj
 *(.init)
 .init          0x00000000100002c0        0x4 /usr/local/Cellar/arm-none-eabi-gcc/9-2019-q4-major/gcc/bin/../lib/gcc/arm-none-eabi/9.2.1/thumb/v6-m/nofp/crti.o
                0x00000000100002c0                _init
 *(EXCLUDE_FILE(*libm.a: *libc.a:*lib_a-mem*.o *libgcc.a:) .text*)
 .text          0x00000000100002c4       0x48 /usr/local/Cellar/arm-none-eabi-gcc/9-2019-q4-major/gcc/bin/../lib/gcc/arm-none-eabi/9.2.1/thumb/v6-m/nofp/crtbegin.o
 .text.pir_irq_handler
                0x000000001000030c       0x14 CMakeFiles/PirSensorRPiPico.dir/PirSensorRPiPico.c.obj
                0x000000001000030c                pir_irq_handler
 .text.calibrate
                0x0000000010000320       0x34 CMakeFiles/PirSensorRPiPico.dir/PirSensorRPiPico.c.obj
                0x0000000010000320                calibrate
 .text.startup.main
                0x0000000010000354       0x38 CMakeFiles/PirSensorRPiPico.dir/PirSensorRPiPico.c.obj
                0x0000000010000354                main
 .text.gpio_irq_handler
                0x000000001000038c       0x7c CMakeFiles/PirSensorRPiPico.dir/Users/mchn2800/Documents/pico/pico-sdk/src/rp2_common/hardware_gpio/gpio.c.obj
 .text.gpio_set_function
                0x0000000010000408       0x30 CMakeFiles/PirSensorRPiPico.dir/Users/mchn2800/Documents/pico/pico-sdk/src/rp2_common/hardware_gpio/gpio.c.obj
                0x0000000010000408                gpio_set_function
 .text.gpio_set_irq_enabled_with_callback
                0x0000000010000438       0x78 CMakeFiles/PirSensorRPiPico.dir/Users/mchn2800/Documents/pico/pico-sdk/src/rp2_common/hardware_gpio/gpio.c.obj
                0x0000000010000438                gpio_set_irq_enabled_with_callback
 .text.gpio_init
                0x00000000100004b0       0x3c CMakeFiles/PirSensorRPiPico.dir/Users/mchn2800/Documents/pico/pico-sdk/src/rp2_common/hardware_gpio/gpio.c.obj
                0x00000000100004b0                gpio_init
 .text.hw_claim_or_assert
                0x00000000100004ec       0x60 CMakeFiles/PirSensorRPiPico.dir/Users/mchn2800/Documents/pico/pico-sdk/src/rp2_common/hardware_claim/claim.c.obj
                0x00000000100004ec                hw_claim_or_assert
 .text.spin_locks_reset
                0x000000001000054c       0x1c CMakeFiles/PirSensorRPiPico.dir/Users/mchn2800/Documents/pico/pico-sdk/src/rp2_common/hardware_sync/sync.c.obj
                0x000000001000054c                spin_locks_reset
 .text.next_striped_spin_lock_num
                0x0000000010000568       0x18 CMakeFiles/PirSensorRPiPico.dir/Users/mchn2800/Documents/pico/pico-sdk/src/rp2_common/hardware_sync/sync.c.obj
                0x0000000010000568                next_striped_spin_lock_num
 .text.running_on_fpga
                0x0000000010000580       0x10 CMakeFiles/PirSensorRPiPico.dir/Users/mchn2800/Documents/pico/pico-sdk/src/rp2_common/pico_platform/platform.c.obj
                0x0000000010000580                running_on_fpga
 .text.uart_init
                0x0000000010000590       0xe4 CMakeFiles/PirSensorRPiPico.dir/Users/mchn2800/Documents/pico/pico-sdk/src/rp2_common/hardware_uart/uart.c.obj
                0x0000000010000590                uart_init
 .text.timer_pool_entry_comparator
                0x0000000010000674       0x34 CMakeFiles/PirSensorRPiPico.dir/Users/mchn2800/Documents/pico/pico-sdk/src/common/pico_time/time.c.obj
                0x0000000010000674                timer_pool_entry_comparator
 .text.sev_callback
                0x00000000100006a8        0x8 CMakeFiles/PirSensorRPiPico.dir/Users/mchn2800/Documents/pico/pico-sdk/src/common/pico_time/time.c.obj
 .text.alarm_pool_add_alarm_at.constprop.0
                0x00000000100006b0      0x128 CMakeFiles/PirSensorRPiPico.dir/Users/mchn2800/Documents/pico/pico-sdk/src/common/pico_time/time.c.obj
 .text.add_alarm_under_lock
                0x00000000100007d8      0x108 CMakeFiles/PirSensorRPiPico.dir/Users/mchn2800/Documents/pico/pico-sdk/src/common/pico_time/time.c.obj
 .text.alarm_pool_alarm_callback
                0x00000000100008e0      0x1b0 CMakeFiles/PirSensorRPiPico.dir/Users/mchn2800/Documents/pico/pico-sdk/src/common/pico_time/time.c.obj
 .text.alarm_pool_init_default
                0x0000000010000a90       0x58 CMakeFiles/PirSensorRPiPico.dir/Users/mchn2800/Documents/pico/pico-sdk/src/common/pico_time/time.c.obj
                0x0000000010000a90                alarm_pool_init_default
 .text.sleep_ms
                0x0000000010000ae8       0xb0 CMakeFiles/PirSensorRPiPico.dir/Users/mchn2800/Documents/pico/pico-sdk/src/common/pico_time/time.c.obj
                0x0000000010000ae8                sleep_ms
 .text.hardware_alarm_irq_handler
                0x0000000010000b98       0xb8 CMakeFiles/PirSensorRPiPico.dir/Users/mchn2800/Documents/pico/pico-sdk/src/rp2_common/hardware_timer/timer.c.obj
 .text.hardware_alarm_claim
                0x0000000010000c50       0x18 CMakeFiles/PirSensorRPiPico.dir/Users/mchn2800/Documents/pico/pico-sdk/src/rp2_common/hardware_timer/timer.c.obj
                0x0000000010000c50                hardware_alarm_claim
 .text.time_us_64
                0x0000000010000c68       0x14 CMakeFiles/PirSensorRPiPico.dir/Users/mchn2800/Documents/pico/pico-sdk/src/rp2_common/hardware_timer/timer.c.obj
                0x0000000010000c68                time_us_64
 .text.busy_wait_until
                0x0000000010000c7c       0x20 CMakeFiles/PirSensorRPiPico.dir/Users/mchn2800/Documents/pico/pico-sdk/src/rp2_common/hardware_timer/timer.c.obj
                0x0000000010000c7c                busy_wait_until
 .text.hardware_alarm_set_callback
                0x0000000010000c9c       0x8c CMakeFiles/PirSensorRPiPico.dir/Users/mchn2800/Documents/pico/pico-sdk/src/rp2_common/hardware_timer/timer.c.obj
                0x0000000010000c9c                hardware_alarm_set_callback
 .text.hardware_alarm_set_target
                0x0000000010000d28       0xdc CMakeFiles/PirSensorRPiPico.dir/Users/mchn2800/Documents/pico/pico-sdk/src/rp2_common/hardware_timer/timer.c.obj
                0x0000000010000d28                hardware_alarm_set_target
 .text.hardware_alarm_cancel
                0x0000000010000e04       0x40 CMakeFiles/PirSensorRPiPico.dir/Users/mchn2800/Documents/pico/pico-sdk/src/rp2_common/hardware_timer/timer.c.obj
                0x0000000010000e04                hardware_alarm_cancel
 .text.lock_init
                0x0000000010000e44       0x10 CMakeFiles/PirSensorRPiPico.dir/Users/mchn2800/Documents/pico/pico-sdk/src/common/pico_sync/lock_core.c.obj
                0x0000000010000e44                lock_init
 .text.mutex_init
                0x0000000010000e54       0x1c CMakeFiles/PirSensorRPiPico.dir/Users/mchn2800/Documents/pico/pico-sdk/src/common/pico_sync/mutex.c.obj
                0x0000000010000e54                mutex_init
 .text.ph_merge_nodes
                0x0000000010000e70       0x68 CMakeFiles/PirSensorRPiPico.dir/Users/mchn2800/Documents/pico/pico-sdk/src/common/pico_util/pheap.c.obj
 .text.ph_post_alloc_init
                0x0000000010000ed8       0x3c CMakeFiles/PirSensorRPiPico.dir/Users/mchn2800/Documents/pico/pico-sdk/src/common/pico_util/pheap.c.obj
                0x0000000010000ed8                ph_post_alloc_init
 .text.ph_merge_two_pass
                0x0000000010000f14       0x90 CMakeFiles/PirSensorRPiPico.dir/Users/mchn2800/Documents/pico/pico-sdk/src/common/pico_util/pheap.c.obj
                0x0000000010000f14                ph_merge_two_pass
 .text.ph_remove_any_head
                0x0000000010000fa4       0xf8 CMakeFiles/PirSensorRPiPico.dir/Users/mchn2800/Documents/pico/pico-sdk/src/common/pico_util/pheap.c.obj
 .text.ph_remove_head
                0x000000001000109c      0x13c CMakeFiles/PirSensorRPiPico.dir/Users/mchn2800/Documents/pico/pico-sdk/src/common/pico_util/pheap.c.obj
                0x000000001000109c                ph_remove_head
 .text.ph_remove_and_free_node
                0x00000000100011d8       0x7c CMakeFiles/PirSensorRPiPico.dir/Users/mchn2800/Documents/pico/pico-sdk/src/common/pico_util/pheap.c.obj
                0x00000000100011d8                ph_remove_and_free_node
 .text.runtime_init
                0x0000000010001254       0xec CMakeFiles/PirSensorRPiPico.dir/Users/mchn2800/Documents/pico/pico-sdk/src/rp2_common/pico_runtime/runtime.c.obj
                0x0000000010001254                runtime_init
 .text.exit     0x0000000010001340        0x4 CMakeFiles/PirSensorRPiPico.dir/Users/mchn2800/Documents/pico/pico-sdk/src/rp2_common/pico_runtime/runtime.c.obj
                0x0000000010001340                exit
 .text.panic    0x0000000010001344       0x30 CMakeFiles/PirSensorRPiPico.dir/Users/mchn2800/Documents/pico/pico-sdk/src/rp2_common/pico_runtime/runtime.c.obj
                0x0000000010001344                panic
 .text.hard_assertion_failure
                0x0000000010001374        0xc CMakeFiles/PirSensorRPiPico.dir/Users/mchn2800/Documents/pico/pico-sdk/src/rp2_common/pico_runtime/runtime.c.obj
                0x0000000010001374                hard_assertion_failure
 .text.clocks_init
                0x0000000010001380      0x2e0 CMakeFiles/PirSensorRPiPico.dir/Users/mchn2800/Documents/pico/pico-sdk/src/rp2_common/hardware_clocks/clocks.c.obj
                0x0000000010001380                clocks_init
 .text.clock_get_hz
                0x0000000010001660        0xc CMakeFiles/PirSensorRPiPico.dir/Users/mchn2800/Documents/pico/pico-sdk/src/rp2_common/hardware_clocks/clocks.c.obj
                0x0000000010001660                clock_get_hz
 .text.watchdog_start_tick
                0x000000001000166c       0x10 CMakeFiles/PirSensorRPiPico.dir/Users/mchn2800/Documents/pico/pico-sdk/src/rp2_common/hardware_watchdog/watchdog.c.obj
                0x000000001000166c                watchdog_start_tick
 .text.xosc_init
                0x000000001000167c       0x28 CMakeFiles/PirSensorRPiPico.dir/Users/mchn2800/Documents/pico/pico-sdk/src/rp2_common/hardware_xosc/xosc.c.obj
                0x000000001000167c                xosc_init
 .text.pll_init
                0x00000000100016a4       0x54 CMakeFiles/PirSensorRPiPico.dir/Users/mchn2800/Documents/pico/pico-sdk/src/rp2_common/hardware_pll/pll.c.obj
                0x00000000100016a4                pll_init
 .text.irq_set_enabled
                0x00000000100016f8       0x24 CMakeFiles/PirSensorRPiPico.dir/Users/mchn2800/Documents/pico/pico-sdk/src/rp2_common/hardware_irq/irq.c.obj
                0x00000000100016f8                irq_set_enabled
 .text.irq_get_vtable_handler
                0x000000001000171c       0x10 CMakeFiles/PirSensorRPiPico.dir/Users/mchn2800/Documents/pico/pico-sdk/src/rp2_common/hardware_irq/irq.c.obj
                0x000000001000171c                irq_get_vtable_handler
 .text.irq_set_exclusive_handler
                0x000000001000172c       0x54 CMakeFiles/PirSensorRPiPico.dir/Users/mchn2800/Documents/pico/pico-sdk/src/rp2_common/hardware_irq/irq.c.obj
                0x000000001000172c                irq_set_exclusive_handler
 .text.irq_remove_handler
                0x0000000010001780      0x1b8 CMakeFiles/PirSensorRPiPico.dir/Users/mchn2800/Documents/pico/pico-sdk/src/rp2_common/hardware_irq/irq.c.obj
                0x0000000010001780                irq_remove_handler
 .text.irq_add_tail_to_free_list
                0x0000000010001938       0xb8 CMakeFiles/PirSensorRPiPico.dir/Users/mchn2800/Documents/pico/pico-sdk/src/rp2_common/hardware_irq/irq.c.obj
                0x0000000010001938                irq_add_tail_to_free_list
 .text.irq_init_priorities
                0x00000000100019f0       0x38 CMakeFiles/PirSensorRPiPico.dir/Users/mchn2800/Documents/pico/pico-sdk/src/rp2_common/hardware_irq/irq.c.obj
                0x00000000100019f0                irq_init_priorities
 .text._out_char
                0x0000000010001a28       0x10 CMakeFiles/PirSensorRPiPico.dir/Users/mchn2800/Documents/pico/pico-sdk/src/rp2_common/pico_printf/printf.c.obj
 .text.weak_raw_vprintf
                0x0000000010001a38       0x30 CMakeFiles/PirSensorRPiPico.dir/Users/mchn2800/Documents/pico/pico-sdk/src/rp2_common/pico_printf/printf.c.obj
                0x0000000010001a38                weak_raw_vprintf
 .text          0x0000000010001a68       0x10 CMakeFiles/PirSensorRPiPico.dir/Users/mchn2800/Documents/pico/pico-sdk/src/rp2_common/pico_bit_ops/bit_ops_aeabi.S.obj
 .text.rom_func_lookup
                0x0000000010001a78       0x10 CMakeFiles/PirSensorRPiPico.dir/Users/mchn2800/Documents/pico/pico-sdk/src/rp2_common/pico_bootrom/bootrom.c.obj
                0x0000000010001a78                rom_func_lookup
 .text.rom_data_lookup
                0x0000000010001a88       0x10 CMakeFiles/PirSensorRPiPico.dir/Users/mchn2800/Documents/pico/pico-sdk/src/rp2_common/pico_bootrom/bootrom.c.obj
                0x0000000010001a88                rom_data_lookup
 .text.rom_funcs_lookup
                0x0000000010001a98       0x3c CMakeFiles/PirSensorRPiPico.dir/Users/mchn2800/Documents/pico/pico-sdk/src/rp2_common/pico_bootrom/bootrom.c.obj
                0x0000000010001a98                rom_funcs_lookup
 .text.__wrap___aeabi_uidiv
                0x0000000010001ad4       0x54 CMakeFiles/PirSensorRPiPico.dir/Users/mchn2800/Documents/pico/pico-sdk/src/rp2_common/pico_divider/divider.S.obj
                0x0000000010001ad4                __wrap___aeabi_uidiv
                0x0000000010001ad4                __wrap___aeabi_uidivmod
                0x0000000010001ad4                div_u32u32
                0x0000000010001ad4                divmod_u32u32
                0x0000000010001adc                divmod_u32u32_unsafe
                0x0000000010001b04                divmod_u32u32_savestate
 .text.__aeabi_double_init
                0x0000000010001b28       0xac CMakeFiles/PirSensorRPiPico.dir/Users/mchn2800/Documents/pico/pico-sdk/src/rp2_common/pico_double/double_init_rom.c.obj
                0x0000000010001b28                __aeabi_double_init
 .text.double_table_shim_on_use_helper
                0x0000000010001bd4       0x2c CMakeFiles/PirSensorRPiPico.dir/Users/mchn2800/Documents/pico/pico-sdk/src/rp2_common/pico_double/double_v1_rom_shim.S.obj
                0x0000000010001bd4                double_table_shim_on_use_helper
 .text.__aeabi_lmul
                0x0000000010001c00       0x32 CMakeFiles/PirSensorRPiPico.dir/Users/mchn2800/Documents/pico/pico-sdk/src/rp2_common/pico_int64_ops/pico_int64_ops_aeabi.S.obj
                0x0000000010001c00                __wrap___aeabi_lmul
 *fill*         0x0000000010001c32        0x2 
 .text.__aeabi_float_init
                0x0000000010001c34       0x64 CMakeFiles/PirSensorRPiPico.dir/Users/mchn2800/Documents/pico/pico-sdk/src/rp2_common/pico_float/float_init_rom.c.obj
                0x0000000010001c34                __aeabi_float_init
 .text.float_table_shim_on_use_helper
                0x0000000010001c98       0x2c CMakeFiles/PirSensorRPiPico.dir/Users/mchn2800/Documents/pico/pico-sdk/src/rp2_common/pico_float/float_v1_rom_shim.S.obj
                0x0000000010001c98                float_table_shim_on_use_helper
 .text          0x0000000010001cc4       0x10 CMakeFiles/PirSensorRPiPico.dir/Users/mchn2800/Documents/pico/pico-sdk/src/rp2_common/pico_mem_ops/mem_ops_aeabi.S.obj
                0x0000000010001cc4                __aeabi_mem_init
 .text.memcpy   0x0000000010001cd4        0xc CMakeFiles/PirSensorRPiPico.dir/Users/mchn2800/Documents/pico/pico-sdk/src/rp2_common/pico_mem_ops/mem_ops_aeabi.S.obj
                0x0000000010001cd4                __wrap___aeabi_memcpy
                0x0000000010001cd4                __wrap_memcpy
 .text.stdio_out_chars_crlf.part.0
                0x0000000010001ce0       0x84 CMakeFiles/PirSensorRPiPico.dir/Users/mchn2800/Documents/pico/pico-sdk/src/rp2_common/pico_stdio/stdio.c.obj
 .text.stdio_put_string
                0x0000000010001d64      0x100 CMakeFiles/PirSensorRPiPico.dir/Users/mchn2800/Documents/pico/pico-sdk/src/rp2_common/pico_stdio/stdio.c.obj
 .text.__wrap_putchar
                0x0000000010001e64       0x1c CMakeFiles/PirSensorRPiPico.dir/Users/mchn2800/Documents/pico/pico-sdk/src/rp2_common/pico_stdio/stdio.c.obj
                0x0000000010001e64                __wrap_putchar
 .text.__wrap_puts
                0x0000000010001e80       0x3c CMakeFiles/PirSensorRPiPico.dir/Users/mchn2800/Documents/pico/pico-sdk/src/rp2_common/pico_stdio/stdio.c.obj
                0x0000000010001e80                __wrap_puts
 .text.stdio_set_driver_enabled
                0x0000000010001ebc       0x3c CMakeFiles/PirSensorRPiPico.dir/Users/mchn2800/Documents/pico/pico-sdk/src/rp2_common/pico_stdio/stdio.c.obj
                0x0000000010001ebc                stdio_set_driver_enabled
 .text.stdio_init_all
                0x0000000010001ef8        0x8 CMakeFiles/PirSensorRPiPico.dir/Users/mchn2800/Documents/pico/pico-sdk/src/rp2_common/pico_stdio/stdio.c.obj
                0x0000000010001ef8                stdio_init_all
 .text.stdio_uart_out_chars
                0x0000000010001f00       0x4c CMakeFiles/PirSensorRPiPico.dir/Users/mchn2800/Documents/pico/pico-sdk/src/rp2_common/pico_stdio_uart/stdio_uart.c.obj
 .text.stdio_uart_in_chars
                0x0000000010001f4c       0x38 CMakeFiles/PirSensorRPiPico.dir/Users/mchn2800/Documents/pico/pico-sdk/src/rp2_common/pico_stdio_uart/stdio_uart.c.obj
                0x0000000010001f4c                stdio_uart_in_chars
 .text.stdio_uart_init
                0x0000000010001f84       0x48 CMakeFiles/PirSensorRPiPico.dir/Users/mchn2800/Documents/pico/pico-sdk/src/rp2_common/pico_stdio_uart/stdio_uart.c.obj
                0x0000000010001f84                stdio_uart_init
 .text.strlen   0x0000000010001fcc       0x5c /usr/local/Cellar/arm-none-eabi-gcc/9-2019-q4-major/gcc/bin/../lib/gcc/arm-none-eabi/9.2.1/../../../../arm-none-eabi/lib/thumb/v6-m/nofp/libc.a(lib_a-strlen-stub.o)
                0x0000000010001fcc                strlen
 *(.fini)
 .fini          0x0000000010002028        0x4 /usr/local/Cellar/arm-none-eabi-gcc/9-2019-q4-major/gcc/bin/../lib/gcc/arm-none-eabi/9.2.1/thumb/v6-m/nofp/crti.o
                0x0000000010002028                _fini
 *fill*         0x000000001000202c        0x4 
 .fini.__stub   0x0000000010002030       0x40 linker stubs
 *crtbegin.o(.ctors)
 *crtbegin?.o(.ctors)
 *(EXCLUDE_FILE(*crtend.o *crtend?.o) .ctors)
 *(SORT_BY_NAME(.ctors.*))
 *(.ctors)
 *crtbegin.o(.dtors)
 *crtbegin?.o(.dtors)
 *(EXCLUDE_FILE(*crtend.o *crtend?.o) .dtors)
 *(SORT_BY_NAME(.dtors.*))
 *(.dtors)
 *(.eh_frame*)
 .eh_frame      0x0000000010002070        0x0 /usr/local/Cellar/arm-none-eabi-gcc/9-2019-q4-major/gcc/bin/../lib/gcc/arm-none-eabi/9.2.1/thumb/v6-m/nofp/crtbegin.o
                0x0000000010002070                . = ALIGN (0x4)

.glue_7         0x0000000010002070        0x0
 .glue_7        0x0000000010002070        0x0 linker stubs

.glue_7t        0x0000000010002070        0x0
 .glue_7t       0x0000000010002070        0x0 linker stubs

.vfp11_veneer   0x0000000010002070        0x0
 .vfp11_veneer  0x0000000010002070        0x0 linker stubs

.v4_bx          0x0000000010002070        0x0
 .v4_bx         0x0000000010002070        0x0 linker stubs

.iplt           0x0000000010002070        0x0
 .iplt          0x0000000010002070        0x0 /usr/local/Cellar/arm-none-eabi-gcc/9-2019-q4-major/gcc/bin/../lib/gcc/arm-none-eabi/9.2.1/thumb/v6-m/nofp/crtbegin.o

.rodata         0x0000000010002070      0x11c
 *(EXCLUDE_FILE(*libm.a: *libc.a:*lib_a-mem*.o *libgcc.a:) .rodata*)
 .rodata.calibrate.str1.4
                0x0000000010002070       0x16 CMakeFiles/PirSensorRPiPico.dir/PirSensorRPiPico.c.obj
 *fill*         0x0000000010002086        0x2 
 .rodata.hardware_alarm_claim.str1.4
                0x0000000010002088       0x22 CMakeFiles/PirSensorRPiPico.dir/Users/mchn2800/Documents/pico/pico-sdk/src/rp2_common/hardware_timer/timer.c.obj
 *fill*         0x00000000100020aa        0x2 
 .rodata.panic.str1.4
                0x00000000100020ac       0x12 CMakeFiles/PirSensorRPiPico.dir/Users/mchn2800/Documents/pico/pico-sdk/src/rp2_common/pico_runtime/runtime.c.obj
 *fill*         0x00000000100020be        0x2 
 .rodata.hard_assertion_failure.str1.4
                0x00000000100020c0        0xc CMakeFiles/PirSensorRPiPico.dir/Users/mchn2800/Documents/pico/pico-sdk/src/rp2_common/pico_runtime/runtime.c.obj
 .rodata.str1.4
                0x00000000100020cc       0x4c CMakeFiles/PirSensorRPiPico.dir/Users/mchn2800/Documents/pico/pico-sdk/src/rp2_common/pico_standard_link/binary_info.c.obj
 .rodata.__bi_40
                0x0000000010002118        0xc CMakeFiles/PirSensorRPiPico.dir/Users/mchn2800/Documents/pico/pico-sdk/src/rp2_common/pico_standard_link/binary_info.c.obj
 .rodata.__bi_52
                0x0000000010002124        0xc CMakeFiles/PirSensorRPiPico.dir/Users/mchn2800/Documents/pico/pico-sdk/src/rp2_common/pico_standard_link/binary_info.c.obj
 .rodata.__bi_71
                0x0000000010002130        0xc CMakeFiles/PirSensorRPiPico.dir/Users/mchn2800/Documents/pico/pico-sdk/src/rp2_common/pico_standard_link/binary_info.c.obj
 .rodata.__bi_77
                0x000000001000213c        0xc CMakeFiles/PirSensorRPiPico.dir/Users/mchn2800/Documents/pico/pico-sdk/src/rp2_common/pico_standard_link/binary_info.c.obj
 .rodata.crlf_str.6008
                0x0000000010002148        0x2 CMakeFiles/PirSensorRPiPico.dir/Users/mchn2800/Documents/pico/pico-sdk/src/rp2_common/pico_stdio/stdio.c.obj
 *fill*         0x000000001000214a        0x2 
 .rodata.str1.4
                0x000000001000214c       0x2c CMakeFiles/PirSensorRPiPico.dir/Users/mchn2800/Documents/pico/pico-sdk/src/rp2_common/pico_stdio_uart/stdio_uart.c.obj
 .rodata.__bi_28.4710
                0x0000000010002178        0xc CMakeFiles/PirSensorRPiPico.dir/Users/mchn2800/Documents/pico/pico-sdk/src/rp2_common/pico_stdio_uart/stdio_uart.c.obj
 .rodata.__bi_29.4714
                0x0000000010002184        0x8 CMakeFiles/PirSensorRPiPico.dir/Users/mchn2800/Documents/pico/pico-sdk/src/rp2_common/pico_stdio_uart/stdio_uart.c.obj
                0x000000001000218c                . = ALIGN (0x4)
 *(SORT_BY_ALIGNMENT(SORT_BY_NAME(.flashdata*)))
                0x000000001000218c                . = ALIGN (0x4)

.rel.dyn        0x000000001000218c        0x0
 .rel.iplt      0x000000001000218c        0x0 /usr/local/Cellar/arm-none-eabi-gcc/9-2019-q4-major/gcc/bin/../lib/gcc/arm-none-eabi/9.2.1/thumb/v6-m/nofp/crtbegin.o

.ARM.extab
 *(.ARM.extab* .gnu.linkonce.armextab.*)
                0x000000001000218c                __exidx_start = .

.ARM.exidx
 *(.ARM.exidx* .gnu.linkonce.armexidx.*)
                0x000000001000218c                __exidx_end = .
                0x000000001000218c                . = ALIGN (0x4)
                0x000000001000218c                __binary_info_start = .

.binary_info    0x000000001000218c       0x28
 *(.binary_info.keep.*)
 .binary_info.keep.__bi_ptr18
                0x000000001000218c        0x4 CMakeFiles/PirSensorRPiPico.dir/Users/mchn2800/Documents/pico/pico-sdk/src/rp2_common/pico_standard_link/binary_info.c.obj
 .binary_info.keep.__bi_ptr26
                0x0000000010002190        0x4 CMakeFiles/PirSensorRPiPico.dir/Users/mchn2800/Documents/pico/pico-sdk/src/rp2_common/pico_standard_link/binary_info.c.obj
 .binary_info.keep.__bi_ptr34
                0x0000000010002194        0x4 CMakeFiles/PirSensorRPiPico.dir/Users/mchn2800/Documents/pico/pico-sdk/src/rp2_common/pico_standard_link/binary_info.c.obj
 .binary_info.keep.__bi_ptr40
                0x0000000010002198        0x4 CMakeFiles/PirSensorRPiPico.dir/Users/mchn2800/Documents/pico/pico-sdk/src/rp2_common/pico_standard_link/binary_info.c.obj
 .binary_info.keep.__bi_ptr46
                0x000000001000219c        0x4 CMakeFiles/PirSensorRPiPico.dir/Users/mchn2800/Documents/pico/pico-sdk/src/rp2_common/pico_standard_link/binary_info.c.obj
 .binary_info.keep.__bi_ptr52
                0x00000000100021a0        0x4 CMakeFiles/PirSensorRPiPico.dir/Users/mchn2800/Documents/pico/pico-sdk/src/rp2_common/pico_standard_link/binary_info.c.obj
 .binary_info.keep.__bi_ptr71
                0x00000000100021a4        0x4 CMakeFiles/PirSensorRPiPico.dir/Users/mchn2800/Documents/pico/pico-sdk/src/rp2_common/pico_standard_link/binary_info.c.obj
 .binary_info.keep.__bi_ptr77
                0x00000000100021a8        0x4 CMakeFiles/PirSensorRPiPico.dir/Users/mchn2800/Documents/pico/pico-sdk/src/rp2_common/pico_standard_link/binary_info.c.obj
 *(.binary_info.*)
 .binary_info.__bi_ptr28
                0x00000000100021ac        0x4 CMakeFiles/PirSensorRPiPico.dir/Users/mchn2800/Documents/pico/pico-sdk/src/rp2_common/pico_stdio_uart/stdio_uart.c.obj
 .binary_info.__bi_ptr29
                0x00000000100021b0        0x4 CMakeFiles/PirSensorRPiPico.dir/Users/mchn2800/Documents/pico/pico-sdk/src/rp2_common/pico_stdio_uart/stdio_uart.c.obj
                0x00000000100021b4                __binary_info_end = .
                0x00000000100021b4                . = ALIGN (0x4)
                0x00000000100021b4                __etext = .

.ram_vector_table
                0x0000000020000000       0xc0
 *(.ram_vector_table)
 .ram_vector_table
                0x0000000020000000       0xc0 CMakeFiles/PirSensorRPiPico.dir/Users/mchn2800/Documents/pico/pico-sdk/src/rp2_common/pico_runtime/runtime.c.obj
                0x0000000020000000                ram_vector_table

.data           0x00000000200000c0      0x190 load address 0x00000000100021b4
                0x00000000200000c0                __data_start__ = .
 *(vtable)
 *(.time_critical*)
 .time_critical.mutex_enter_blocking
                0x00000000200000c0       0x4c CMakeFiles/PirSensorRPiPico.dir/Users/mchn2800/Documents/pico/pico-sdk/src/common/pico_sync/mutex.c.obj
                0x00000000200000c0                mutex_enter_blocking
 .time_critical.mutex_try_enter
                0x000000002000010c       0x48 CMakeFiles/PirSensorRPiPico.dir/Users/mchn2800/Documents/pico/pico-sdk/src/common/pico_sync/mutex.c.obj
                0x000000002000010c                mutex_try_enter
 .time_critical.mutex_exit
                0x0000000020000154       0x28 CMakeFiles/PirSensorRPiPico.dir/Users/mchn2800/Documents/pico/pico-sdk/src/common/pico_sync/mutex.c.obj
                0x0000000020000154                mutex_exit
 *(.text*)
 .text          0x000000002000017c        0x4 /usr/local/Cellar/arm-none-eabi-gcc/9-2019-q4-major/gcc/bin/../lib/gcc/arm-none-eabi/9.2.1/thumb/v6-m/nofp/libgcc.a(_dvmd_tls.o)
                0x000000002000017c                __aeabi_ldiv0
                0x000000002000017c                __aeabi_idiv0
                0x0000000020000180                . = ALIGN (0x4)
 *(.rodata*)
                0x0000000020000180                . = ALIGN (0x4)
 *(.data*)
 .data.striped_spin_lock_num
                0x0000000020000180        0x1 CMakeFiles/PirSensorRPiPico.dir/Users/mchn2800/Documents/pico/pico-sdk/src/rp2_common/hardware_sync/sync.c.obj
 *fill*         0x0000000020000181        0x3 
 .data.default_alarm_pool
                0x0000000020000184       0x18 CMakeFiles/PirSensorRPiPico.dir/Users/mchn2800/Documents/pico/pico-sdk/src/common/pico_time/time.c.obj
 .data.default_alarm_pool_heap
                0x000000002000019c       0x10 CMakeFiles/PirSensorRPiPico.dir/Users/mchn2800/Documents/pico/pico-sdk/src/common/pico_time/time.c.obj
 .data          0x00000000200001ac       0x48 CMakeFiles/PirSensorRPiPico.dir/Users/mchn2800/Documents/pico/pico-sdk/src/rp2_common/hardware_irq/irq_handler_chain.S.obj
                0x00000000200001ac                irq_handler_chain_slots
                0x00000000200001dc                irq_handler_chain_first_slot
                0x00000000200001e6                irq_handler_chain_remove_tail
 *fill*         0x00000000200001f4        0xc 
 .data.aeabi_bits_funcs
                0x0000000020000200       0x10 CMakeFiles/PirSensorRPiPico.dir/Users/mchn2800/Documents/pico/pico-sdk/src/rp2_common/pico_bit_ops/bit_ops_aeabi.S.obj
                0x0000000020000200                aeabi_bits_funcs
                0x0000000020000210                aeabi_bits_funcs_end
 .data.aeabi_mem_funcs
                0x0000000020000210       0x10 CMakeFiles/PirSensorRPiPico.dir/Users/mchn2800/Documents/pico/pico-sdk/src/rp2_common/pico_mem_ops/mem_ops_aeabi.S.obj
                0x0000000020000210                aeabi_mem_funcs
                0x0000000020000220                aeabi_mem_funcs_end
 .data.stdio_uart
                0x0000000020000220       0x14 CMakeFiles/PirSensorRPiPico.dir/Users/mchn2800/Documents/pico/pico-sdk/src/rp2_common/pico_stdio_uart/stdio_uart.c.obj
                0x0000000020000220                stdio_uart
                0x0000000020000234                . = ALIGN (0x4)
 *(.after_data.*)
                0x0000000020000234                . = ALIGN (0x4)
                0x0000000020000234                PROVIDE (__mutex_array_start = .)
 *(SORT_BY_NAME(.mutex_array.*))
 *(.mutex_array)
 .mutex_array   0x0000000020000234        0x8 CMakeFiles/PirSensorRPiPico.dir/Users/mchn2800/Documents/pico/pico-sdk/src/rp2_common/pico_stdio/stdio.c.obj
                0x000000002000023c                PROVIDE (__mutex_array_end = .)
                0x000000002000023c                . = ALIGN (0x4)
                0x000000002000023c                PROVIDE (__preinit_array_start = .)
 *(SORT_BY_NAME(.preinit_array.*))
 .preinit_array.00001
                0x000000002000023c        0x4 CMakeFiles/PirSensorRPiPico.dir/Users/mchn2800/Documents/pico/pico-sdk/src/rp2_common/pico_mem_ops/mem_ops_aeabi.S.obj
 .preinit_array.00010
                0x0000000020000240        0x4 CMakeFiles/PirSensorRPiPico.dir/Users/mchn2800/Documents/pico/pico-sdk/src/rp2_common/pico_bit_ops/bit_ops_aeabi.S.obj
 .preinit_array.00020
                0x0000000020000244        0x4 CMakeFiles/PirSensorRPiPico.dir/Users/mchn2800/Documents/pico/pico-sdk/src/rp2_common/pico_double/double_aeabi.S.obj
 .preinit_array.00020
                0x0000000020000248        0x4 CMakeFiles/PirSensorRPiPico.dir/Users/mchn2800/Documents/pico/pico-sdk/src/rp2_common/pico_float/float_aeabi.S.obj
 *(.preinit_array)
                0x000000002000024c                PROVIDE (__preinit_array_end = .)
                0x000000002000024c                . = ALIGN (0x4)
                0x000000002000024c                PROVIDE (__init_array_start = .)
 *(SORT_BY_NAME(.init_array.*))
 *(.init_array)
 .init_array    0x000000002000024c        0x4 /usr/local/Cellar/arm-none-eabi-gcc/9-2019-q4-major/gcc/bin/../lib/gcc/arm-none-eabi/9.2.1/thumb/v6-m/nofp/crtbegin.o
                0x0000000020000250                PROVIDE (__init_array_end = .)
                0x0000000020000250                . = ALIGN (0x4)
                [!provide]                        PROVIDE (__fini_array_start = .)
 *(SORT_BY_NAME(.fini_array.*))
 *(.fini_array)
                [!provide]                        PROVIDE (__fini_array_end = .)
 *(.jcr)
                0x0000000020000250                . = ALIGN (0x4)
                0x0000000020000250                __data_end__ = .

.igot.plt       0x0000000020000250        0x0 load address 0x0000000010002344
 .igot.plt      0x0000000020000250        0x0 /usr/local/Cellar/arm-none-eabi-gcc/9-2019-q4-major/gcc/bin/../lib/gcc/arm-none-eabi/9.2.1/thumb/v6-m/nofp/crtbegin.o

.uninitialized_data
                0x0000000020000250        0x0 load address 0x0000000010002344
                0x0000000020000250                . = ALIGN (0x4)
 *(.uninitialized_data*)

.scratch_x      0x0000000020040000        0x0 load address 0x0000000010002344
                0x0000000020040000                __scratch_x_start__ = .
 *(.scratch_x.*)
                0x0000000020040000                . = ALIGN (0x4)
                0x0000000020040000                __scratch_x_end__ = .
                0x0000000010002344                __scratch_x_source__ = LOADADDR (.scratch_x)

.scratch_y      0x0000000020041000        0x0 load address 0x0000000010002344
                0x0000000020041000                __scratch_y_start__ = .
 *(.scratch_y.*)
                0x0000000020041000                . = ALIGN (0x4)
                0x0000000020041000                __scratch_y_end__ = .
                0x0000000010002344                __scratch_y_source__ = LOADADDR (.scratch_y)

.bss            0x0000000020000250      0x3d8
                0x0000000020000250                . = ALIGN (0x4)
                0x0000000020000250                __bss_start__ = .
 *(SORT_BY_ALIGNMENT(SORT_BY_NAME(.bss*)))
 .bss.default_alarm_pool_entries
                0x0000000020000250      0x100 CMakeFiles/PirSensorRPiPico.dir/Users/mchn2800/Documents/pico/pico-sdk/src/common/pico_time/time.c.obj
 .bss           0x0000000020000350       0x1c /usr/local/Cellar/arm-none-eabi-gcc/9-2019-q4-major/gcc/bin/../lib/gcc/arm-none-eabi/9.2.1/thumb/v6-m/nofp/crtbegin.o
 .bss._callbacks
                0x000000002000036c        0x8 CMakeFiles/PirSensorRPiPico.dir/Users/mchn2800/Documents/pico/pico-sdk/src/rp2_common/hardware_gpio/gpio.c.obj
 .bss.alarm_callbacks
                0x0000000020000374       0x10 CMakeFiles/PirSensorRPiPico.dir/Users/mchn2800/Documents/pico/pico-sdk/src/rp2_common/hardware_timer/timer.c.obj
 .bss.configured_freq
                0x0000000020000384       0x28 CMakeFiles/PirSensorRPiPico.dir/Users/mchn2800/Documents/pico/pico-sdk/src/rp2_common/hardware_clocks/clocks.c.obj
 .bss.default_alarm_pool_entry_ids_high
                0x00000000200003ac       0x10 CMakeFiles/PirSensorRPiPico.dir/Users/mchn2800/Documents/pico/pico-sdk/src/common/pico_time/time.c.obj
 .bss.default_alarm_pool_heap_nodes
                0x00000000200003bc       0x30 CMakeFiles/PirSensorRPiPico.dir/Users/mchn2800/Documents/pico/pico-sdk/src/common/pico_time/time.c.obj
 .bss.drivers   0x00000000200003ec        0x4 CMakeFiles/PirSensorRPiPico.dir/Users/mchn2800/Documents/pico/pico-sdk/src/rp2_common/pico_stdio/stdio.c.obj
 .bss.filter    0x00000000200003f0        0x4 CMakeFiles/PirSensorRPiPico.dir/Users/mchn2800/Documents/pico/pico-sdk/src/rp2_common/pico_stdio/stdio.c.obj
 .bss.lazy_vsnprintf
                0x00000000200003f4        0x4 CMakeFiles/PirSensorRPiPico.dir/Users/mchn2800/Documents/pico/pico-sdk/src/rp2_common/pico_printf/printf.c.obj
 .bss.pools     0x00000000200003f8       0x10 CMakeFiles/PirSensorRPiPico.dir/Users/mchn2800/Documents/pico/pico-sdk/src/common/pico_time/time.c.obj
 .bss.target_hi
                0x0000000020000408       0x10 CMakeFiles/PirSensorRPiPico.dir/Users/mchn2800/Documents/pico/pico-sdk/src/rp2_common/hardware_timer/timer.c.obj
 .bss.uart_instance
                0x0000000020000418        0x4 CMakeFiles/PirSensorRPiPico.dir/Users/mchn2800/Documents/pico/pico-sdk/src/rp2_common/pico_stdio_uart/stdio_uart.c.obj
 .bss.claimed   0x000000002000041c        0x1 CMakeFiles/PirSensorRPiPico.dir/Users/mchn2800/Documents/pico/pico-sdk/src/rp2_common/hardware_timer/timer.c.obj
 .bss.irq_hander_chain_free_slot_head
                0x000000002000041d        0x1 CMakeFiles/PirSensorRPiPico.dir/Users/mchn2800/Documents/pico/pico-sdk/src/rp2_common/hardware_irq/irq.c.obj
 .bss.timer_callbacks_pending
                0x000000002000041e        0x1 CMakeFiles/PirSensorRPiPico.dir/Users/mchn2800/Documents/pico/pico-sdk/src/rp2_common/hardware_timer/timer.c.obj
 *(COMMON)
 *fill*         0x000000002000041f        0x1 
 COMMON         0x0000000020000420        0x4 CMakeFiles/PirSensorRPiPico.dir/Users/mchn2800/Documents/pico/pico-sdk/src/rp2_common/hardware_uart/uart.c.obj
                0x0000000020000420                uart_char_to_line_feed
 COMMON         0x0000000020000424      0x100 CMakeFiles/PirSensorRPiPico.dir/Users/mchn2800/Documents/pico/pico-sdk/src/rp2_common/pico_double/double_init_rom.c.obj
                0x0000000020000424                sd_table
 COMMON         0x0000000020000524      0x104 CMakeFiles/PirSensorRPiPico.dir/Users/mchn2800/Documents/pico/pico-sdk/src/rp2_common/pico_float/float_init_rom.c.obj
                0x0000000020000524                sf_table
                0x0000000020000624                sf_clz_func
                0x0000000020000628                . = ALIGN (0x4)
                0x0000000020000628                __bss_end__ = .

.heap           0x0000000020000628      0x800
                0x0000000020000628                __end__ = .
                0x0000000020000628                end = __end__
 *(.heap*)
 .heap          0x0000000020000628      0x800 CMakeFiles/PirSensorRPiPico.dir/Users/mchn2800/Documents/pico/pico-sdk/src/rp2_common/pico_standard_link/crt0.S.obj
                0x0000000020000e28                __HeapLimit = .

.stack1_dummy   0x0000000020040000        0x0
 *(.stack1*)

.stack_dummy    0x0000000020041000      0x800
 *(.stack*)
 .stack         0x0000000020041000      0x800 CMakeFiles/PirSensorRPiPico.dir/Users/mchn2800/Documents/pico/pico-sdk/src/rp2_common/pico_standard_link/crt0.S.obj

.flash_end      0x0000000010002344        0x0
                0x0000000010002344                __flash_binary_end = .
                0x0000000020040000                __StackLimit = (ORIGIN (RAM) + LENGTH (RAM))
                0x0000000020041000                __StackOneTop = (ORIGIN (SCRATCH_X) + LENGTH (SCRATCH_X))
                0x0000000020042000                __StackTop = (ORIGIN (SCRATCH_Y) + LENGTH (SCRATCH_Y))
                0x0000000020041000                __StackOneBottom = (__StackOneTop - SIZEOF (.stack1_dummy))
                0x0000000020041800                __StackBottom = (__StackTop - SIZEOF (.stack_dummy))
                0x0000000020042000                PROVIDE (__stack = __StackTop)
                0x0000000000000001                ASSERT ((__StackLimit >= __HeapLimit), region RAM overflowed)
                0x0000000000000001                ASSERT (((__binary_info_header_end - __logical_binary_start) <= 0x100), Binary info must be in first 256 bytes of the binary)
LOAD CMakeFiles/PirSensorRPiPico.dir/PirSensorRPiPico.c.obj
LOAD CMakeFiles/PirSensorRPiPico.dir/Users/mchn2800/Documents/pico/pico-sdk/src/rp2_common/pico_stdlib/stdlib.c.obj
LOAD CMakeFiles/PirSensorRPiPico.dir/Users/mchn2800/Documents/pico/pico-sdk/src/rp2_common/hardware_gpio/gpio.c.obj
LOAD CMakeFiles/PirSensorRPiPico.dir/Users/mchn2800/Documents/pico/pico-sdk/src/rp2_common/hardware_claim/claim.c.obj
LOAD CMakeFiles/PirSensorRPiPico.dir/Users/mchn2800/Documents/pico/pico-sdk/src/rp2_common/hardware_sync/sync.c.obj
LOAD CMakeFiles/PirSensorRPiPico.dir/Users/mchn2800/Documents/pico/pico-sdk/src/rp2_common/pico_platform/platform.c.obj
LOAD CMakeFiles/PirSensorRPiPico.dir/Users/mchn2800/Documents/pico/pico-sdk/src/rp2_common/hardware_uart/uart.c.obj
LOAD CMakeFiles/PirSensorRPiPico.dir/Users/mchn2800/Documents/pico/pico-sdk/src/rp2_common/hardware_divider/divider.S.obj
LOAD CMakeFiles/PirSensorRPiPico.dir/Users/mchn2800/Documents/pico/pico-sdk/src/common/pico_time/time.c.obj
LOAD CMakeFiles/PirSensorRPiPico.dir/Users/mchn2800/Documents/pico/pico-sdk/src/common/pico_time/timeout_helper.c.obj
LOAD CMakeFiles/PirSensorRPiPico.dir/Users/mchn2800/Documents/pico/pico-sdk/src/rp2_common/hardware_timer/timer.c.obj
LOAD CMakeFiles/PirSensorRPiPico.dir/Users/mchn2800/Documents/pico/pico-sdk/src/common/pico_sync/sem.c.obj
LOAD CMakeFiles/PirSensorRPiPico.dir/Users/mchn2800/Documents/pico/pico-sdk/src/common/pico_sync/lock_core.c.obj
LOAD CMakeFiles/PirSensorRPiPico.dir/Users/mchn2800/Documents/pico/pico-sdk/src/common/pico_sync/mutex.c.obj
LOAD CMakeFiles/PirSensorRPiPico.dir/Users/mchn2800/Documents/pico/pico-sdk/src/common/pico_sync/critical_section.c.obj
LOAD CMakeFiles/PirSensorRPiPico.dir/Users/mchn2800/Documents/pico/pico-sdk/src/common/pico_util/datetime.c.obj
LOAD CMakeFiles/PirSensorRPiPico.dir/Users/mchn2800/Documents/pico/pico-sdk/src/common/pico_util/pheap.c.obj
LOAD CMakeFiles/PirSensorRPiPico.dir/Users/mchn2800/Documents/pico/pico-sdk/src/common/pico_util/queue.c.obj
LOAD CMakeFiles/PirSensorRPiPico.dir/Users/mchn2800/Documents/pico/pico-sdk/src/rp2_common/pico_runtime/runtime.c.obj
LOAD CMakeFiles/PirSensorRPiPico.dir/Users/mchn2800/Documents/pico/pico-sdk/src/rp2_common/hardware_clocks/clocks.c.obj
LOAD CMakeFiles/PirSensorRPiPico.dir/Users/mchn2800/Documents/pico/pico-sdk/src/rp2_common/hardware_watchdog/watchdog.c.obj
LOAD CMakeFiles/PirSensorRPiPico.dir/Users/mchn2800/Documents/pico/pico-sdk/src/rp2_common/hardware_xosc/xosc.c.obj
LOAD CMakeFiles/PirSensorRPiPico.dir/Users/mchn2800/Documents/pico/pico-sdk/src/rp2_common/hardware_pll/pll.c.obj
LOAD CMakeFiles/PirSensorRPiPico.dir/Users/mchn2800/Documents/pico/pico-sdk/src/rp2_common/hardware_vreg/vreg.c.obj
LOAD CMakeFiles/PirSensorRPiPico.dir/Users/mchn2800/Documents/pico/pico-sdk/src/rp2_common/hardware_irq/irq.c.obj
LOAD CMakeFiles/PirSensorRPiPico.dir/Users/mchn2800/Documents/pico/pico-sdk/src/rp2_common/hardware_irq/irq_handler_chain.S.obj
LOAD CMakeFiles/PirSensorRPiPico.dir/Users/mchn2800/Documents/pico/pico-sdk/src/rp2_common/pico_printf/printf.c.obj
LOAD CMakeFiles/PirSensorRPiPico.dir/Users/mchn2800/Documents/pico/pico-sdk/src/rp2_common/pico_bit_ops/bit_ops_aeabi.S.obj
LOAD CMakeFiles/PirSensorRPiPico.dir/Users/mchn2800/Documents/pico/pico-sdk/src/rp2_common/pico_bootrom/bootrom.c.obj
LOAD CMakeFiles/PirSensorRPiPico.dir/Users/mchn2800/Documents/pico/pico-sdk/src/rp2_common/pico_divider/divider.S.obj
LOAD CMakeFiles/PirSensorRPiPico.dir/Users/mchn2800/Documents/pico/pico-sdk/src/rp2_common/pico_double/double_aeabi.S.obj
LOAD CMakeFiles/PirSensorRPiPico.dir/Users/mchn2800/Documents/pico/pico-sdk/src/rp2_common/pico_double/double_init_rom.c.obj
LOAD CMakeFiles/PirSensorRPiPico.dir/Users/mchn2800/Documents/pico/pico-sdk/src/rp2_common/pico_double/double_math.c.obj
LOAD CMakeFiles/PirSensorRPiPico.dir/Users/mchn2800/Documents/pico/pico-sdk/src/rp2_common/pico_double/double_v1_rom_shim.S.obj
LOAD CMakeFiles/PirSensorRPiPico.dir/Users/mchn2800/Documents/pico/pico-sdk/src/rp2_common/pico_int64_ops/pico_int64_ops_aeabi.S.obj
LOAD CMakeFiles/PirSensorRPiPico.dir/Users/mchn2800/Documents/pico/pico-sdk/src/rp2_common/pico_float/float_aeabi.S.obj
LOAD CMakeFiles/PirSensorRPiPico.dir/Users/mchn2800/Documents/pico/pico-sdk/src/rp2_common/pico_float/float_init_rom.c.obj
LOAD CMakeFiles/PirSensorRPiPico.dir/Users/mchn2800/Documents/pico/pico-sdk/src/rp2_common/pico_float/float_math.c.obj
LOAD CMakeFiles/PirSensorRPiPico.dir/Users/mchn2800/Documents/pico/pico-sdk/src/rp2_common/pico_float/float_v1_rom_shim.S.obj
LOAD CMakeFiles/PirSensorRPiPico.dir/Users/mchn2800/Documents/pico/pico-sdk/src/rp2_common/pico_malloc/pico_malloc.c.obj
LOAD CMakeFiles/PirSensorRPiPico.dir/Users/mchn2800/Documents/pico/pico-sdk/src/rp2_common/pico_mem_ops/mem_ops_aeabi.S.obj
LOAD CMakeFiles/PirSensorRPiPico.dir/Users/mchn2800/Documents/pico/pico-sdk/src/rp2_common/pico_standard_link/crt0.S.obj
LOAD CMakeFiles/PirSensorRPiPico.dir/Users/mchn2800/Documents/pico/pico-sdk/src/rp2_common/pico_standard_link/new_delete.cpp.obj
LOAD CMakeFiles/PirSensorRPiPico.dir/Users/mchn2800/Documents/pico/pico-sdk/src/rp2_common/pico_standard_link/binary_info.c.obj
LOAD CMakeFiles/PirSensorRPiPico.dir/Users/mchn2800/Documents/pico/pico-sdk/src/rp2_common/pico_stdio/stdio.c.obj
LOAD CMakeFiles/PirSensorRPiPico.dir/Users/mchn2800/Documents/pico/pico-sdk/src/rp2_common/pico_stdio_uart/stdio_uart.c.obj
LOAD /var/folders/h_/2yf7wy_d4xl1lh2z3dyycjtc0000gn/T//ccHWafhe.o
LOAD /usr/local/Cellar/arm-none-eabi-gcc/9-2019-q4-major/gcc/bin/../lib/gcc/arm-none-eabi/9.2.1/../../../../arm-none-eabi/lib/thumb/v6-m/nofp/libstdc++.a
LOAD /usr/local/Cellar/arm-none-eabi-gcc/9-2019-q4-major/gcc/bin/../lib/gcc/arm-none-eabi/9.2.1/../../../../arm-none-eabi/lib/thumb/v6-m/nofp/libm.a
START GROUP
LOAD /usr/local/Cellar/arm-none-eabi-gcc/9-2019-q4-major/gcc/bin/../lib/gcc/arm-none-eabi/9.2.1/thumb/v6-m/nofp/libgcc.a
LOAD /usr/local/Cellar/arm-none-eabi-gcc/9-2019-q4-major/gcc/bin/../lib/gcc/arm-none-eabi/9.2.1/../../../../arm-none-eabi/lib/thumb/v6-m/nofp/libc.a
END GROUP
START GROUP
LOAD /usr/local/Cellar/arm-none-eabi-gcc/9-2019-q4-major/gcc/bin/../lib/gcc/arm-none-eabi/9.2.1/thumb/v6-m/nofp/libgcc.a
LOAD /usr/local/Cellar/arm-none-eabi-gcc/9-2019-q4-major/gcc/bin/../lib/gcc/arm-none-eabi/9.2.1/../../../../arm-none-eabi/lib/thumb/v6-m/nofp/libc.a
LOAD /usr/local/Cellar/arm-none-eabi-gcc/9-2019-q4-major/gcc/bin/../lib/gcc/arm-none-eabi/9.2.1/../../../../arm-none-eabi/lib/thumb/v6-m/nofp/libnosys.a
END GROUP
LOAD /usr/local/Cellar/arm-none-eabi-gcc/9-2019-q4-major/gcc/bin/../lib/gcc/arm-none-eabi/9.2.1/thumb/v6-m/nofp/crtend.o
LOAD /usr/local/Cellar/arm-none-eabi-gcc/9-2019-q4-major/gcc/bin/../lib/gcc/arm-none-eabi/9.2.1/thumb/v6-m/nofp/crtn.o
OUTPUT(PirSensorRPiPico.elf elf32-littlearm)

.ARM.attributes
                0x0000000000000000       0x28
 .ARM.attributes
                0x0000000000000000       0x1e /usr/local/Cellar/arm-none-eabi-gcc/9-2019-q4-major/gcc/bin/../lib/gcc/arm-none-eabi/9.2.1/thumb/v6-m/nofp/crti.o
 .ARM.attributes
                0x000000000000001e       0x2c /usr/local/Cellar/arm-none-eabi-gcc/9-2019-q4-major/gcc/bin/../lib/gcc/arm-none-eabi/9.2.1/thumb/v6-m/nofp/crtbegin.o
 .ARM.attributes
                0x000000000000004a       0x2b CMakeFiles/PirSensorRPiPico.dir/PirSensorRPiPico.c.obj
 .ARM.attributes
                0x0000000000000075       0x2b CMakeFiles/PirSensorRPiPico.dir/Users/mchn2800/Documents/pico/pico-sdk/src/rp2_common/hardware_gpio/gpio.c.obj
 .ARM.attributes
                0x00000000000000a0       0x2b CMakeFiles/PirSensorRPiPico.dir/Users/mchn2800/Documents/pico/pico-sdk/src/rp2_common/hardware_claim/claim.c.obj
 .ARM.attributes
                0x00000000000000cb       0x2b CMakeFiles/PirSensorRPiPico.dir/Users/mchn2800/Documents/pico/pico-sdk/src/rp2_common/hardware_sync/sync.c.obj
 .ARM.attributes
                0x00000000000000f6       0x2b CMakeFiles/PirSensorRPiPico.dir/Users/mchn2800/Documents/pico/pico-sdk/src/rp2_common/pico_platform/platform.c.obj
 .ARM.attributes
                0x0000000000000121       0x2b CMakeFiles/PirSensorRPiPico.dir/Users/mchn2800/Documents/pico/pico-sdk/src/rp2_common/hardware_uart/uart.c.obj
 .ARM.attributes
                0x000000000000014c       0x2b CMakeFiles/PirSensorRPiPico.dir/Users/mchn2800/Documents/pico/pico-sdk/src/common/pico_time/time.c.obj
 .ARM.attributes
                0x0000000000000177       0x2b CMakeFiles/PirSensorRPiPico.dir/Users/mchn2800/Documents/pico/pico-sdk/src/rp2_common/hardware_timer/timer.c.obj
 .ARM.attributes
                0x00000000000001a2       0x2b CMakeFiles/PirSensorRPiPico.dir/Users/mchn2800/Documents/pico/pico-sdk/src/common/pico_sync/lock_core.c.obj
 .ARM.attributes
                0x00000000000001cd       0x2b CMakeFiles/PirSensorRPiPico.dir/Users/mchn2800/Documents/pico/pico-sdk/src/common/pico_sync/mutex.c.obj
 .ARM.attributes
                0x00000000000001f8       0x2b CMakeFiles/PirSensorRPiPico.dir/Users/mchn2800/Documents/pico/pico-sdk/src/common/pico_util/pheap.c.obj
 .ARM.attributes
                0x0000000000000223       0x2b CMakeFiles/PirSensorRPiPico.dir/Users/mchn2800/Documents/pico/pico-sdk/src/rp2_common/pico_runtime/runtime.c.obj
 .ARM.attributes
                0x000000000000024e       0x2b CMakeFiles/PirSensorRPiPico.dir/Users/mchn2800/Documents/pico/pico-sdk/src/rp2_common/hardware_clocks/clocks.c.obj
 .ARM.attributes
                0x0000000000000279       0x2b CMakeFiles/PirSensorRPiPico.dir/Users/mchn2800/Documents/pico/pico-sdk/src/rp2_common/hardware_watchdog/watchdog.c.obj
 .ARM.attributes
                0x00000000000002a4       0x2b CMakeFiles/PirSensorRPiPico.dir/Users/mchn2800/Documents/pico/pico-sdk/src/rp2_common/hardware_xosc/xosc.c.obj
 .ARM.attributes
                0x00000000000002cf       0x2b CMakeFiles/PirSensorRPiPico.dir/Users/mchn2800/Documents/pico/pico-sdk/src/rp2_common/hardware_pll/pll.c.obj
 .ARM.attributes
                0x00000000000002fa       0x2b CMakeFiles/PirSensorRPiPico.dir/Users/mchn2800/Documents/pico/pico-sdk/src/rp2_common/hardware_irq/irq.c.obj
 .ARM.attributes
                0x0000000000000325       0x22 CMakeFiles/PirSensorRPiPico.dir/Users/mchn2800/Documents/pico/pico-sdk/src/rp2_common/hardware_irq/irq_handler_chain.S.obj
 .ARM.attributes
                0x0000000000000347       0x2b CMakeFiles/PirSensorRPiPico.dir/Users/mchn2800/Documents/pico/pico-sdk/src/rp2_common/pico_printf/printf.c.obj
 .ARM.attributes
                0x0000000000000372       0x22 CMakeFiles/PirSensorRPiPico.dir/Users/mchn2800/Documents/pico/pico-sdk/src/rp2_common/pico_bit_ops/bit_ops_aeabi.S.obj
 .ARM.attributes
                0x0000000000000394       0x2b CMakeFiles/PirSensorRPiPico.dir/Users/mchn2800/Documents/pico/pico-sdk/src/rp2_common/pico_bootrom/bootrom.c.obj
 .ARM.attributes
                0x00000000000003bf       0x22 CMakeFiles/PirSensorRPiPico.dir/Users/mchn2800/Documents/pico/pico-sdk/src/rp2_common/pico_divider/divider.S.obj
 .ARM.attributes
                0x00000000000003e1       0x22 CMakeFiles/PirSensorRPiPico.dir/Users/mchn2800/Documents/pico/pico-sdk/src/rp2_common/pico_double/double_aeabi.S.obj
 .ARM.attributes
                0x0000000000000403       0x2b CMakeFiles/PirSensorRPiPico.dir/Users/mchn2800/Documents/pico/pico-sdk/src/rp2_common/pico_double/double_init_rom.c.obj
 .ARM.attributes
                0x000000000000042e       0x22 CMakeFiles/PirSensorRPiPico.dir/Users/mchn2800/Documents/pico/pico-sdk/src/rp2_common/pico_double/double_v1_rom_shim.S.obj
 .ARM.attributes
                0x0000000000000450       0x22 CMakeFiles/PirSensorRPiPico.dir/Users/mchn2800/Documents/pico/pico-sdk/src/rp2_common/pico_int64_ops/pico_int64_ops_aeabi.S.obj
 .ARM.attributes
                0x0000000000000472       0x22 CMakeFiles/PirSensorRPiPico.dir/Users/mchn2800/Documents/pico/pico-sdk/src/rp2_common/pico_float/float_aeabi.S.obj
 .ARM.attributes
                0x0000000000000494       0x2b CMakeFiles/PirSensorRPiPico.dir/Users/mchn2800/Documents/pico/pico-sdk/src/rp2_common/pico_float/float_init_rom.c.obj
 .ARM.attributes
                0x00000000000004bf       0x22 CMakeFiles/PirSensorRPiPico.dir/Users/mchn2800/Documents/pico/pico-sdk/src/rp2_common/pico_float/float_v1_rom_shim.S.obj
 .ARM.attributes
                0x00000000000004e1       0x22 CMakeFiles/PirSensorRPiPico.dir/Users/mchn2800/Documents/pico/pico-sdk/src/rp2_common/pico_mem_ops/mem_ops_aeabi.S.obj
 .ARM.attributes
                0x0000000000000503       0x22 CMakeFiles/PirSensorRPiPico.dir/Users/mchn2800/Documents/pico/pico-sdk/src/rp2_common/pico_standard_link/crt0.S.obj
 .ARM.attributes
                0x0000000000000525       0x32 CMakeFiles/PirSensorRPiPico.dir/Users/mchn2800/Documents/pico/pico-sdk/src/rp2_common/pico_standard_link/binary_info.c.obj
 .ARM.attributes
                0x0000000000000557       0x2b CMakeFiles/PirSensorRPiPico.dir/Users/mchn2800/Documents/pico/pico-sdk/src/rp2_common/pico_stdio/stdio.c.obj
 .ARM.attributes
                0x0000000000000582       0x2b CMakeFiles/PirSensorRPiPico.dir/Users/mchn2800/Documents/pico/pico-sdk/src/rp2_common/pico_stdio_uart/stdio_uart.c.obj
 .ARM.attributes
                0x00000000000005ad       0x22 /var/folders/h_/2yf7wy_d4xl1lh2z3dyycjtc0000gn/T//ccHWafhe.o
 .ARM.attributes
                0x00000000000005cf       0x1e /usr/local/Cellar/arm-none-eabi-gcc/9-2019-q4-major/gcc/bin/../lib/gcc/arm-none-eabi/9.2.1/thumb/v6-m/nofp/libgcc.a(_dvmd_tls.o)
 .ARM.attributes
                0x00000000000005ed       0x2c /usr/local/Cellar/arm-none-eabi-gcc/9-2019-q4-major/gcc/bin/../lib/gcc/arm-none-eabi/9.2.1/../../../../arm-none-eabi/lib/thumb/v6-m/nofp/libc.a(lib_a-strlen-stub.o)

.comment        0x0000000000000000       0x79
 .comment       0x0000000000000000       0x79 CMakeFiles/PirSensorRPiPico.dir/PirSensorRPiPico.c.obj
                                         0x7a (size before relaxing)
 .comment       0x0000000000000079       0x7a CMakeFiles/PirSensorRPiPico.dir/Users/mchn2800/Documents/pico/pico-sdk/src/rp2_common/hardware_gpio/gpio.c.obj
 .comment       0x0000000000000079       0x7a CMakeFiles/PirSensorRPiPico.dir/Users/mchn2800/Documents/pico/pico-sdk/src/rp2_common/hardware_claim/claim.c.obj
 .comment       0x0000000000000079       0x7a CMakeFiles/PirSensorRPiPico.dir/Users/mchn2800/Documents/pico/pico-sdk/src/rp2_common/hardware_sync/sync.c.obj
 .comment       0x0000000000000079       0x7a CMakeFiles/PirSensorRPiPico.dir/Users/mchn2800/Documents/pico/pico-sdk/src/rp2_common/pico_platform/platform.c.obj
 .comment       0x0000000000000079       0x7a CMakeFiles/PirSensorRPiPico.dir/Users/mchn2800/Documents/pico/pico-sdk/src/rp2_common/hardware_uart/uart.c.obj
 .comment       0x0000000000000079       0x7a CMakeFiles/PirSensorRPiPico.dir/Users/mchn2800/Documents/pico/pico-sdk/src/common/pico_time/time.c.obj
 .comment       0x0000000000000079       0x7a CMakeFiles/PirSensorRPiPico.dir/Users/mchn2800/Documents/pico/pico-sdk/src/rp2_common/hardware_timer/timer.c.obj
 .comment       0x0000000000000079       0x7a CMakeFiles/PirSensorRPiPico.dir/Users/mchn2800/Documents/pico/pico-sdk/src/common/pico_sync/lock_core.c.obj
 .comment       0x0000000000000079       0x7a CMakeFiles/PirSensorRPiPico.dir/Users/mchn2800/Documents/pico/pico-sdk/src/common/pico_sync/mutex.c.obj
 .comment       0x0000000000000079       0x7a CMakeFiles/PirSensorRPiPico.dir/Users/mchn2800/Documents/pico/pico-sdk/src/common/pico_util/pheap.c.obj
 .comment       0x0000000000000079       0x7a CMakeFiles/PirSensorRPiPico.dir/Users/mchn2800/Documents/pico/pico-sdk/src/rp2_common/pico_runtime/runtime.c.obj
 .comment       0x0000000000000079       0x7a CMakeFiles/PirSensorRPiPico.dir/Users/mchn2800/Documents/pico/pico-sdk/src/rp2_common/hardware_clocks/clocks.c.obj
 .comment       0x0000000000000079       0x7a CMakeFiles/PirSensorRPiPico.dir/Users/mchn2800/Documents/pico/pico-sdk/src/rp2_common/hardware_watchdog/watchdog.c.obj
 .comment       0x0000000000000079       0x7a CMakeFiles/PirSensorRPiPico.dir/Users/mchn2800/Documents/pico/pico-sdk/src/rp2_common/hardware_xosc/xosc.c.obj
 .comment       0x0000000000000079       0x7a CMakeFiles/PirSensorRPiPico.dir/Users/mchn2800/Documents/pico/pico-sdk/src/rp2_common/hardware_pll/pll.c.obj
 .comment       0x0000000000000079       0x7a CMakeFiles/PirSensorRPiPico.dir/Users/mchn2800/Documents/pico/pico-sdk/src/rp2_common/hardware_irq/irq.c.obj
 .comment       0x0000000000000079       0x7a CMakeFiles/PirSensorRPiPico.dir/Users/mchn2800/Documents/pico/pico-sdk/src/rp2_common/pico_printf/printf.c.obj
 .comment       0x0000000000000079       0x7a CMakeFiles/PirSensorRPiPico.dir/Users/mchn2800/Documents/pico/pico-sdk/src/rp2_common/pico_bootrom/bootrom.c.obj
 .comment       0x0000000000000079       0x7a CMakeFiles/PirSensorRPiPico.dir/Users/mchn2800/Documents/pico/pico-sdk/src/rp2_common/pico_double/double_init_rom.c.obj
 .comment       0x0000000000000079       0x7a CMakeFiles/PirSensorRPiPico.dir/Users/mchn2800/Documents/pico/pico-sdk/src/rp2_common/pico_float/float_init_rom.c.obj
 .comment       0x0000000000000079       0x7a CMakeFiles/PirSensorRPiPico.dir/Users/mchn2800/Documents/pico/pico-sdk/src/rp2_common/pico_standard_link/binary_info.c.obj
 .comment       0x0000000000000079       0x7a CMakeFiles/PirSensorRPiPico.dir/Users/mchn2800/Documents/pico/pico-sdk/src/rp2_common/pico_stdio/stdio.c.obj
 .comment       0x0000000000000079       0x7a CMakeFiles/PirSensorRPiPico.dir/Users/mchn2800/Documents/pico/pico-sdk/src/rp2_common/pico_stdio_uart/stdio_uart.c.obj

.debug_frame    0x0000000000000000       0x28
 .debug_frame   0x0000000000000000       0x28 /usr/local/Cellar/arm-none-eabi-gcc/9-2019-q4-major/gcc/bin/../lib/gcc/arm-none-eabi/9.2.1/../../../../arm-none-eabi/lib/thumb/v6-m/nofp/libc.a(lib_a-strlen-stub.o)
